// Jest Snapshot v1, https://goo.gl/fbAQLP

exports[`Test of Header component Header component render 1`] = `
<div>
  <h1>
    Rap-Paraphraser
  </h1>
  <p>
    Добро пожаловать на сайт для перефразирования текста любого типа (в том числе и одного слова) в семантическом поле русского репа с добавлением реп-сленга. Алгоритм перефразирования основан на использовании нейронной сети Word2Vec, обученной на текстах более, чем 9500 песен русских исполнителей, которая находит близкие по семантике слова в контексте русского репа.
  </p>
</div>
`;
